// Jest Snapshot v1, https://goo.gl/fbAQLP

exports[`generate en translations file creates the compiled en translation file 1`] = `
"'use strict';

Object.defineProperty(exports, \\"__esModule\\", {
  value: true
});

exports.default = {
  \\"Terra.fixtures.test\\": \\"Test...\\",
  \\"Terra.Fixtures1.test\\": \\"Test...\\",
  \\"Terra.More.fixtures.test\\": \\"Test...\\",
  \\"Terra.test.fixtures.test\\": \\"Test...\\"
};
"
`;

exports[`generate en-US translations file creates the compiled en-US translation file 1`] = `
"'use strict';

Object.defineProperty(exports, \\"__esModule\\", {
  value: true
});

exports.default = {
  \\"Terra.fixtures.test\\": \\"Test...\\",
  \\"Terra.Fixtures1.test\\": \\"Test...\\",
  \\"Terra.More.fixtures.test\\": \\"Test...\\",
  \\"Terra.test.fixtures.test\\": \\"Test...\\"
};
"
`;
